---
source: src/lib.rs
expression: result
---
local module = require('../packages/module')
export type List<T = { number }> = module.List<T>
return module
