---
source: src/lib.rs
expression: result
---
local module = require('../packages/module')
export type Value = module.Value
return module

